// Jest Snapshot v1, https://goo.gl/fbAQLP

exports[`CurrentRefinements - Connect renders with translate 1`] = `
<ul
  className="list"
>
  <li
    className="item"
    key="Genre"
  >
    <button
      className="button"
      onClick={[Function]}
    >
      <span
        className="label"
      >
        Genre
      </span>
      <span
        className="delete"
      >
        âœ•
      </span>
    </button>
  </li>
</ul>
`;

exports[`CurrentRefinements - Raw renders a list of current refinements 1`] = `
<ul
  className="list"
>
  <li
    className="item"
    key="Genre"
  >
    <button
      className="button"
      onClick={[Function]}
    >
      <span
        className="label"
      >
        Genre
      </span>
      <span
        className="delete"
      >
        clearFilter
      </span>
    </button>
  </li>
</ul>
`;

exports[`CurrentRefinements - Raw renders a list of nested current refinements 1`] = `
<ul
  className="list"
>
  <li
    className="item"
    key="Sci-fi"
  >
    <button
      className="button"
      onClick={[Function]}
    >
      <span
        className="label"
      >
        Sci-fi
      </span>
      <span
        className="delete"
      >
        clearFilter
      </span>
    </button>
  </li>
</ul>
`;
