// Jest Snapshot v1, https://goo.gl/fbAQLP

exports[`Hits accepts a hitComponent prop 1`] = `
<ul
  className="list"
>
  <li
    className="item"
  >
    <div
      id={0}
    />
  </li>
  <li
    className="item"
  >
    <div
      id={1}
    />
  </li>
  <li
    className="item"
  >
    <div
      id={2}
    />
  </li>
</ul>
`;

exports[`Hits accepts a renderHit prop 1`] = `
<ul
  className="list"
>
  <li
    className="item"
  >
    <div
      id={0}
    />
  </li>
  <li
    className="item"
  >
    <div
      id={1}
    />
  </li>
  <li
    className="item"
  >
    <div
      id={2}
    />
  </li>
</ul>
`;
