// Jest Snapshot v1, https://goo.gl/fbAQLP

exports[`RatingMenu applies translations 1`] = `
<div>
  <svg
    style={
      Object {
        "display": "none",
      }
    }
    xmlns="http://www.w3.org/2000/svg"
  >
    <symbol
      id="starSymbol"
      viewBox="0 0 24 24"
    >
      <path
        d="M12 .288l2.833 8.718h9.167l-7.417 5.389 2.833 8.718-7.416-5.388-7.417 5.388 2.833-8.718-7.416-5.389h9.167z"
      />
    </symbol>
    <symbol
      id="starEmptySymbol"
      viewBox="0 0 24 24"
    >
      <path
        d="M12 6.76l1.379 4.246h4.465l-3.612 2.625 1.379 4.246-3.611-2.625-3.612 2.625 1.379-4.246-3.612-2.625h4.465l1.38-4.246zm0-6.472l-2.833 8.718h-9.167l7.416 5.389-2.833 8.718 7.417-5.388 7.416 5.388-2.833-8.718 7.417-5.389h-9.167l-2.833-8.718z"
      />
    </symbol>
  </svg>
  <ul
    className="list false"
  >
    <li
      className="item false false"
    >
      <a
        aria-label="5 & Up"
        className="link"
        href="#"
        onClick={[Function]}
      >
        <svg
          aria-hidden="true"
          className="starIcon starIcon--full"
          height="24"
          width="24"
        >
          <use
            xlinkHref="#starSymbol"
          />
        </svg>
         
        <svg
          aria-hidden="true"
          className="starIcon starIcon--full"
          height="24"
          width="24"
        >
          <use
            xlinkHref="#starSymbol"
          />
        </svg>
         
        <svg
          aria-hidden="true"
          className="starIcon starIcon--full"
          height="24"
          width="24"
        >
          <use
            xlinkHref="#starSymbol"
          />
        </svg>
         
        <svg
          aria-hidden="true"
          className="starIcon starIcon--full"
          height="24"
          width="24"
        >
          <use
            xlinkHref="#starSymbol"
          />
        </svg>
         
        <svg
          aria-hidden="true"
          className="starIcon starIcon--full"
          height="24"
          width="24"
        >
          <use
            xlinkHref="#starSymbol"
          />
        </svg>
         
        <span
          aria-hidden="true"
          className="label"
        >
           & Up
        </span>
         
        <span
          className="count"
        >
          5
        </span>
      </a>
    </li>
    <li
      className="item false false"
    >
      <a
        aria-label="4 & Up"
        className="link"
        href="#"
        onClick={[Function]}
      >
        <svg
          aria-hidden="true"
          className="starIcon starIcon--full"
          height="24"
          width="24"
        >
          <use
            xlinkHref="#starSymbol"
          />
        </svg>
         
        <svg
          aria-hidden="true"
          className="starIcon starIcon--full"
          height="24"
          width="24"
        >
          <use
            xlinkHref="#starSymbol"
          />
        </svg>
         
        <svg
          aria-hidden="true"
          className="starIcon starIcon--full"
          height="24"
          width="24"
        >
          <use
            xlinkHref="#starSymbol"
          />
        </svg>
         
        <svg
          aria-hidden="true"
          className="starIcon starIcon--full"
          height="24"
          width="24"
        >
          <use
            xlinkHref="#starSymbol"
          />
        </svg>
         
        <svg
          aria-hidden="true"
          className="starIcon starIcon--empty"
          height="24"
          width="24"
        >
          <use
            xlinkHref="#starEmptySymbol"
          />
        </svg>
         
        <span
          aria-hidden="true"
          className="label"
        >
           & Up
        </span>
         
        <span
          className="count"
        >
          9
        </span>
      </a>
    </li>
    <li
      className="item false false"
    >
      <a
        aria-label="3 & Up"
        className="link"
        href="#"
        onClick={[Function]}
      >
        <svg
          aria-hidden="true"
          className="starIcon starIcon--full"
          height="24"
          width="24"
        >
          <use
            xlinkHref="#starSymbol"
          />
        </svg>
         
        <svg
          aria-hidden="true"
          className="starIcon starIcon--full"
          height="24"
          width="24"
        >
          <use
            xlinkHref="#starSymbol"
          />
        </svg>
         
        <svg
          aria-hidden="true"
          className="starIcon starIcon--full"
          height="24"
          width="24"
        >
          <use
            xlinkHref="#starSymbol"
          />
        </svg>
         
        <svg
          aria-hidden="true"
          className="starIcon starIcon--empty"
          height="24"
          width="24"
        >
          <use
            xlinkHref="#starEmptySymbol"
          />
        </svg>
         
        <svg
          aria-hidden="true"
          className="starIcon starIcon--empty"
          height="24"
          width="24"
        >
          <use
            xlinkHref="#starEmptySymbol"
          />
        </svg>
         
        <span
          aria-hidden="true"
          className="label"
        >
           & Up
        </span>
         
        <span
          className="count"
        >
          12
        </span>
      </a>
    </li>
    <li
      className="item false false"
    >
      <a
        aria-label="2 & Up"
        className="link"
        href="#"
        onClick={[Function]}
      >
        <svg
          aria-hidden="true"
          className="starIcon starIcon--full"
          height="24"
          width="24"
        >
          <use
            xlinkHref="#starSymbol"
          />
        </svg>
         
        <svg
          aria-hidden="true"
          className="starIcon starIcon--full"
          height="24"
          width="24"
        >
          <use
            xlinkHref="#starSymbol"
          />
        </svg>
         
        <svg
          aria-hidden="true"
          className="starIcon starIcon--empty"
          height="24"
          width="24"
        >
          <use
            xlinkHref="#starEmptySymbol"
          />
        </svg>
         
        <svg
          aria-hidden="true"
          className="starIcon starIcon--empty"
          height="24"
          width="24"
        >
          <use
            xlinkHref="#starEmptySymbol"
          />
        </svg>
         
        <svg
          aria-hidden="true"
          className="starIcon starIcon--empty"
          height="24"
          width="24"
        >
          <use
            xlinkHref="#starEmptySymbol"
          />
        </svg>
         
        <span
          aria-hidden="true"
          className="label"
        >
           & Up
        </span>
         
        <span
          className="count"
        >
          14
        </span>
      </a>
    </li>
    <li
      className="item item--selected false"
    >
      <a
        aria-label="1 & Up"
        className="link"
      >
        <svg
          aria-hidden="true"
          className="starIcon starIcon--full"
          height="24"
          width="24"
        >
          <use
            xlinkHref="#starSymbol"
          />
        </svg>
         
        <svg
          aria-hidden="true"
          className="starIcon starIcon--empty"
          height="24"
          width="24"
        >
          <use
            xlinkHref="#starEmptySymbol"
          />
        </svg>
         
        <svg
          aria-hidden="true"
          className="starIcon starIcon--empty"
          height="24"
          width="24"
        >
          <use
            xlinkHref="#starEmptySymbol"
          />
        </svg>
         
        <svg
          aria-hidden="true"
          className="starIcon starIcon--empty"
          height="24"
          width="24"
        >
          <use
            xlinkHref="#starEmptySymbol"
          />
        </svg>
         
        <svg
          aria-hidden="true"
          className="starIcon starIcon--empty"
          height="24"
          width="24"
        >
          <use
            xlinkHref="#starEmptySymbol"
          />
        </svg>
         
        <span
          aria-hidden="true"
          className="label"
        >
           & Up
        </span>
         
        <span
          className="count"
        >
          15
        </span>
      </a>
    </li>
  </ul>
</div>
`;

exports[`RatingMenu supports passing max/min values 1`] = `
<div>
  <svg
    style={
      Object {
        "display": "none",
      }
    }
    xmlns="http://www.w3.org/2000/svg"
  >
    <symbol
      id="starSymbol"
      viewBox="0 0 24 24"
    >
      <path
        d="M12 .288l2.833 8.718h9.167l-7.417 5.389 2.833 8.718-7.416-5.388-7.417 5.388 2.833-8.718-7.416-5.389h9.167z"
      />
    </symbol>
    <symbol
      id="starEmptySymbol"
      viewBox="0 0 24 24"
    >
      <path
        d="M12 6.76l1.379 4.246h4.465l-3.612 2.625 1.379 4.246-3.611-2.625-3.612 2.625 1.379-4.246-3.612-2.625h4.465l1.38-4.246zm0-6.472l-2.833 8.718h-9.167l7.416 5.389-2.833 8.718 7.417-5.388 7.416 5.388-2.833-8.718 7.417-5.389h-9.167l-2.833-8.718z"
      />
    </symbol>
  </svg>
  <ul
    className="list false"
  >
    <li
      className="item false false"
    >
      <a
        aria-label="5 & Up"
        className="link"
        href="#"
        onClick={[Function]}
      >
        <svg
          aria-hidden="true"
          className="starIcon starIcon--full"
          height="24"
          width="24"
        >
          <use
            xlinkHref="#starSymbol"
          />
        </svg>
         
        <svg
          aria-hidden="true"
          className="starIcon starIcon--full"
          height="24"
          width="24"
        >
          <use
            xlinkHref="#starSymbol"
          />
        </svg>
         
        <svg
          aria-hidden="true"
          className="starIcon starIcon--full"
          height="24"
          width="24"
        >
          <use
            xlinkHref="#starSymbol"
          />
        </svg>
         
        <svg
          aria-hidden="true"
          className="starIcon starIcon--full"
          height="24"
          width="24"
        >
          <use
            xlinkHref="#starSymbol"
          />
        </svg>
         
        <svg
          aria-hidden="true"
          className="starIcon starIcon--full"
          height="24"
          width="24"
        >
          <use
            xlinkHref="#starSymbol"
          />
        </svg>
         
        <span
          aria-hidden="true"
          className="label"
        >
           & Up
        </span>
         
        <span
          className="count"
        >
          5
        </span>
      </a>
    </li>
    <li
      className="item false false"
    >
      <a
        aria-label="4 & Up"
        className="link"
        href="#"
        onClick={[Function]}
      >
        <svg
          aria-hidden="true"
          className="starIcon starIcon--full"
          height="24"
          width="24"
        >
          <use
            xlinkHref="#starSymbol"
          />
        </svg>
         
        <svg
          aria-hidden="true"
          className="starIcon starIcon--full"
          height="24"
          width="24"
        >
          <use
            xlinkHref="#starSymbol"
          />
        </svg>
         
        <svg
          aria-hidden="true"
          className="starIcon starIcon--full"
          height="24"
          width="24"
        >
          <use
            xlinkHref="#starSymbol"
          />
        </svg>
         
        <svg
          aria-hidden="true"
          className="starIcon starIcon--full"
          height="24"
          width="24"
        >
          <use
            xlinkHref="#starSymbol"
          />
        </svg>
         
        <svg
          aria-hidden="true"
          className="starIcon starIcon--empty"
          height="24"
          width="24"
        >
          <use
            xlinkHref="#starEmptySymbol"
          />
        </svg>
         
        <span
          aria-hidden="true"
          className="label"
        >
           & Up
        </span>
         
        <span
          className="count"
        >
          9
        </span>
      </a>
    </li>
    <li
      className="item false false"
    >
      <a
        aria-label="3 & Up"
        className="link"
        href="#"
        onClick={[Function]}
      >
        <svg
          aria-hidden="true"
          className="starIcon starIcon--full"
          height="24"
          width="24"
        >
          <use
            xlinkHref="#starSymbol"
          />
        </svg>
         
        <svg
          aria-hidden="true"
          className="starIcon starIcon--full"
          height="24"
          width="24"
        >
          <use
            xlinkHref="#starSymbol"
          />
        </svg>
         
        <svg
          aria-hidden="true"
          className="starIcon starIcon--full"
          height="24"
          width="24"
        >
          <use
            xlinkHref="#starSymbol"
          />
        </svg>
         
        <svg
          aria-hidden="true"
          className="starIcon starIcon--empty"
          height="24"
          width="24"
        >
          <use
            xlinkHref="#starEmptySymbol"
          />
        </svg>
         
        <svg
          aria-hidden="true"
          className="starIcon starIcon--empty"
          height="24"
          width="24"
        >
          <use
            xlinkHref="#starEmptySymbol"
          />
        </svg>
         
        <span
          aria-hidden="true"
          className="label"
        >
           & Up
        </span>
         
        <span
          className="count"
        >
          12
        </span>
      </a>
    </li>
    <li
      className="item false false"
    >
      <a
        aria-label="2 & Up"
        className="link"
        href="#"
        onClick={[Function]}
      >
        <svg
          aria-hidden="true"
          className="starIcon starIcon--full"
          height="24"
          width="24"
        >
          <use
            xlinkHref="#starSymbol"
          />
        </svg>
         
        <svg
          aria-hidden="true"
          className="starIcon starIcon--full"
          height="24"
          width="24"
        >
          <use
            xlinkHref="#starSymbol"
          />
        </svg>
         
        <svg
          aria-hidden="true"
          className="starIcon starIcon--empty"
          height="24"
          width="24"
        >
          <use
            xlinkHref="#starEmptySymbol"
          />
        </svg>
         
        <svg
          aria-hidden="true"
          className="starIcon starIcon--empty"
          height="24"
          width="24"
        >
          <use
            xlinkHref="#starEmptySymbol"
          />
        </svg>
         
        <svg
          aria-hidden="true"
          className="starIcon starIcon--empty"
          height="24"
          width="24"
        >
          <use
            xlinkHref="#starEmptySymbol"
          />
        </svg>
         
        <span
          aria-hidden="true"
          className="label"
        >
           & Up
        </span>
         
        <span
          className="count"
        >
          14
        </span>
      </a>
    </li>
    <li
      className="item item--selected false"
    >
      <a
        aria-label="1 & Up"
        className="link"
      >
        <svg
          aria-hidden="true"
          className="starIcon starIcon--full"
          height="24"
          width="24"
        >
          <use
            xlinkHref="#starSymbol"
          />
        </svg>
         
        <svg
          aria-hidden="true"
          className="starIcon starIcon--empty"
          height="24"
          width="24"
        >
          <use
            xlinkHref="#starEmptySymbol"
          />
        </svg>
         
        <svg
          aria-hidden="true"
          className="starIcon starIcon--empty"
          height="24"
          width="24"
        >
          <use
            xlinkHref="#starEmptySymbol"
          />
        </svg>
         
        <svg
          aria-hidden="true"
          className="starIcon starIcon--empty"
          height="24"
          width="24"
        >
          <use
            xlinkHref="#starEmptySymbol"
          />
        </svg>
         
        <svg
          aria-hidden="true"
          className="starIcon starIcon--empty"
          height="24"
          width="24"
        >
          <use
            xlinkHref="#starEmptySymbol"
          />
        </svg>
         
        <span
          aria-hidden="true"
          className="label"
        >
           & Up
        </span>
         
        <span
          className="count"
        >
          15
        </span>
      </a>
    </li>
  </ul>
</div>
`;
